// Jest Snapshot v1, https://goo.gl/fbAQLP

exports[`#cogs/cogs/checkbox <Cog /> With additional props Checked is a boolean renders 1`] = `
<div
  className="MOCK CLASSNAME"
/>
`;

exports[`#cogs/cogs/checkbox <Cog /> With additional props Default checked is a boolean renders 1`] = `
<div
  className="MOCK CLASSNAME"
/>
`;

exports[`#cogs/cogs/checkbox <Cog /> With required props renders 1`] = `
<div
  className="MOCK CLASSNAME"
/>
`;
