// Jest Snapshot v1, https://goo.gl/fbAQLP

exports[`#cogs <CheckCog /> With additional props renders 1`] = `
<div
  className="MOCK CLASSNAME"
/>
`;

exports[`#cogs <CheckCog /> With required props renders 1`] = `
<div
  className="MOCK CLASSNAME"
/>
`;

exports[`#cogs <Cog /> With additional props renders 1`] = `
<div
  className="MOCK CLASSNAME"
/>
`;

exports[`#cogs <Cog /> With required props renders 1`] = `
<div
  className="MOCK CLASSNAME"
/>
`;

exports[`#cogs <ValueCog /> With additional props renders 1`] = `
<div
  className="MOCK CLASSNAME"
/>
`;

exports[`#cogs <ValueCog /> With required props renders 1`] = `
<div
  className="MOCK CLASSNAME"
/>
`;
