// Jest Snapshot v1, https://goo.gl/fbAQLP

exports[`shinkansen-cogs/components/label <Label /> With additional props renders 1`] = `
<label
  className="label"
  htmlFor="MOCK ID"
>
  MOCK TEXT CONTENT
</label>
`;

exports[`shinkansen-cogs/components/label <Label /> With required props renders 1`] = `null`;
