// Jest Snapshot v1, https://goo.gl/fbAQLP

exports[`shinkansen-cogs/cogs/text/description <Description /> With additional props renders 1`] = `
<span
  className="MOCK CLASSNAME"
>
  MOCK DESCRIPTION
</span>
`;

exports[`shinkansen-cogs/cogs/text/description <Description /> With required props renders 1`] = `null`;
